INFO:     Started server process [5496]
INFO:     Waiting for application startup.
INFO:     Application startup complete.
INFO:     Uvicorn running on http://127.0.0.1:8000 (Press CTRL+C to quit)
ERROR:    Exception in ASGI application
Traceback (most recent call last):
  File "C:\Users\hp\OneDrive\Desktop\Weasert\02 - Projects\programming\GroupChat Ai\backend\venv\Lib\site-packages\uvicorn\protocols\http\httptools_impl.py", line 399, in run_asgi
    result = await app(  # type: ignore[func-returns-value]
             ^^^^^^^^^^^^^^^^^^^^^^^^^^^^^^^^^^^^^^^^^^^^^^
  File "C:\Users\hp\OneDrive\Desktop\Weasert\02 - Projects\programming\GroupChat Ai\backend\venv\Lib\site-packages\uvicorn\middleware\proxy_headers.py", line 70, in __call__
    return await self.app(scope, receive, send)
           ^^^^^^^^^^^^^^^^^^^^^^^^^^^^^^^^^^^^
  File "C:\Users\hp\OneDrive\Desktop\Weasert\02 - Projects\programming\GroupChat Ai\backend\venv\Lib\site-packages\fastapi\applications.py", line 1054, in __call__
    await super().__call__(scope, receive, send)
  File "C:\Users\hp\OneDrive\Desktop\Weasert\02 - Projects\programming\GroupChat Ai\backend\venv\Lib\site-packages\starlette\applications.py", line 113, in __call__
    await self.middleware_stack(scope, receive, send)
  File "C:\Users\hp\OneDrive\Desktop\Weasert\02 - Projects\programming\GroupChat Ai\backend\venv\Lib\site-packages\starlette\middleware\errors.py", line 187, in __call__
    raise exc
  File "C:\Users\hp\OneDrive\Desktop\Weasert\02 - Projects\programming\GroupChat Ai\backend\venv\Lib\site-packages\starlette\middleware\errors.py", line 165, in __call__
    await self.app(scope, receive, _send)
  File "C:\Users\hp\OneDrive\Desktop\Weasert\02 - Projects\programming\GroupChat Ai\backend\venv\Lib\site-packages\starlette\middleware\cors.py", line 93, in __call__
    await self.simple_response(scope, receive, send, request_headers=headers)
  File "C:\Users\hp\OneDrive\Desktop\Weasert\02 - Projects\programming\GroupChat Ai\backend\venv\Lib\site-packages\starlette\middleware\cors.py", line 144, in simple_response
    await self.app(scope, receive, send)
  File "C:\Users\hp\OneDrive\Desktop\Weasert\02 - Projects\programming\GroupChat Ai\backend\venv\Lib\site-packages\starlette\middleware\exceptions.py", line 62, in __call__
    await wrap_app_handling_exceptions(self.app, conn)(scope, receive, send)
  File "C:\Users\hp\OneDrive\Desktop\Weasert\02 - Projects\programming\GroupChat Ai\backend\venv\Lib\site-packages\starlette\_exception_handler.py", line 62, in wrapped_app
    raise exc
  File "C:\Users\hp\OneDrive\Desktop\Weasert\02 - Projects\programming\GroupChat Ai\backend\venv\Lib\site-packages\starlette\_exception_handler.py", line 51, in wrapped_app
    await app(scope, receive, sender)
  File "C:\Users\hp\OneDrive\Desktop\Weasert\02 - Projects\programming\GroupChat Ai\backend\venv\Lib\site-packages\starlette\routing.py", line 715, in __call__
    await self.middleware_stack(scope, receive, send)
  File "C:\Users\hp\OneDrive\Desktop\Weasert\02 - Projects\programming\GroupChat Ai\backend\venv\Lib\site-packages\starlette\routing.py", line 735, in app
    await route.handle(scope, receive, send)
  File "C:\Users\hp\OneDrive\Desktop\Weasert\02 - Projects\programming\GroupChat Ai\backend\venv\Lib\site-packages\starlette\routing.py", line 288, in handle
    await self.app(scope, receive, send)
  File "C:\Users\hp\OneDrive\Desktop\Weasert\02 - Projects\programming\GroupChat Ai\backend\venv\Lib\site-packages\starlette\routing.py", line 76, in app
    await wrap_app_handling_exceptions(app, request)(scope, receive, send)
  File "C:\Users\hp\OneDrive\Desktop\Weasert\02 - Projects\programming\GroupChat Ai\backend\venv\Lib\site-packages\starlette\_exception_handler.py", line 62, in wrapped_app
    raise exc
  File "C:\Users\hp\OneDrive\Desktop\Weasert\02 - Projects\programming\GroupChat Ai\backend\venv\Lib\site-packages\starlette\_exception_handler.py", line 51, in wrapped_app
    await app(scope, receive, sender)
  File "C:\Users\hp\OneDrive\Desktop\Weasert\02 - Projects\programming\GroupChat Ai\backend\venv\Lib\site-packages\starlette\routing.py", line 73, in app
    response = await f(request)
               ^^^^^^^^^^^^^^^^
  File "C:\Users\hp\OneDrive\Desktop\Weasert\02 - Projects\programming\GroupChat Ai\backend\venv\Lib\site-packages\fastapi\routing.py", line 301, in app
    raw_response = await run_endpoint_function(
                   ^^^^^^^^^^^^^^^^^^^^^^^^^^^^
  File "C:\Users\hp\OneDrive\Desktop\Weasert\02 - Projects\programming\GroupChat Ai\backend\venv\Lib\site-packages\fastapi\routing.py", line 212, in run_endpoint_function
    return await dependant.call(**values)
           ^^^^^^^^^^^^^^^^^^^^^^^^^^^^^^
  File "C:\Users\hp\OneDrive\Desktop\Weasert\02 - Projects\programming\GroupChat Ai\backend\app\routes\auth.py", line 33, in register
    existing = db.execute("SELECT id FROM users WHERE username = ?", (req.username,)).fetchone()
               ^^^^^^^^^^^^^^^^^^^^^^^^^^^^^^^^^^^^^^^^^^^^^^^^^^^^^^^^^^^^^^^^^^^^^^
sqlite3.OperationalError: no such table: users
ERROR:    Exception in ASGI application
Traceback (most recent call last):
  File "C:\Users\hp\OneDrive\Desktop\Weasert\02 - Projects\programming\GroupChat Ai\backend\venv\Lib\site-packages\uvicorn\protocols\http\httptools_impl.py", line 399, in run_asgi
    result = await app(  # type: ignore[func-returns-value]
             ^^^^^^^^^^^^^^^^^^^^^^^^^^^^^^^^^^^^^^^^^^^^^^
  File "C:\Users\hp\OneDrive\Desktop\Weasert\02 - Projects\programming\GroupChat Ai\backend\venv\Lib\site-packages\uvicorn\middleware\proxy_headers.py", line 70, in __call__
    return await self.app(scope, receive, send)
           ^^^^^^^^^^^^^^^^^^^^^^^^^^^^^^^^^^^^
  File "C:\Users\hp\OneDrive\Desktop\Weasert\02 - Projects\programming\GroupChat Ai\backend\venv\Lib\site-packages\fastapi\applications.py", line 1054, in __call__
    await super().__call__(scope, receive, send)
  File "C:\Users\hp\OneDrive\Desktop\Weasert\02 - Projects\programming\GroupChat Ai\backend\venv\Lib\site-packages\starlette\applications.py", line 113, in __call__
    await self.middleware_stack(scope, receive, send)
  File "C:\Users\hp\OneDrive\Desktop\Weasert\02 - Projects\programming\GroupChat Ai\backend\venv\Lib\site-packages\starlette\middleware\errors.py", line 187, in __call__
    raise exc
  File "C:\Users\hp\OneDrive\Desktop\Weasert\02 - Projects\programming\GroupChat Ai\backend\venv\Lib\site-packages\starlette\middleware\errors.py", line 165, in __call__
    await self.app(scope, receive, _send)
  File "C:\Users\hp\OneDrive\Desktop\Weasert\02 - Projects\programming\GroupChat Ai\backend\venv\Lib\site-packages\starlette\middleware\cors.py", line 93, in __call__
    await self.simple_response(scope, receive, send, request_headers=headers)
  File "C:\Users\hp\OneDrive\Desktop\Weasert\02 - Projects\programming\GroupChat Ai\backend\venv\Lib\site-packages\starlette\middleware\cors.py", line 144, in simple_response
    await self.app(scope, receive, send)
  File "C:\Users\hp\OneDrive\Desktop\Weasert\02 - Projects\programming\GroupChat Ai\backend\venv\Lib\site-packages\starlette\middleware\exceptions.py", line 62, in __call__
    await wrap_app_handling_exceptions(self.app, conn)(scope, receive, send)
  File "C:\Users\hp\OneDrive\Desktop\Weasert\02 - Projects\programming\GroupChat Ai\backend\venv\Lib\site-packages\starlette\_exception_handler.py", line 62, in wrapped_app
    raise exc
  File "C:\Users\hp\OneDrive\Desktop\Weasert\02 - Projects\programming\GroupChat Ai\backend\venv\Lib\site-packages\starlette\_exception_handler.py", line 51, in wrapped_app
    await app(scope, receive, sender)
  File "C:\Users\hp\OneDrive\Desktop\Weasert\02 - Projects\programming\GroupChat Ai\backend\venv\Lib\site-packages\starlette\routing.py", line 715, in __call__
    await self.middleware_stack(scope, receive, send)
  File "C:\Users\hp\OneDrive\Desktop\Weasert\02 - Projects\programming\GroupChat Ai\backend\venv\Lib\site-packages\starlette\routing.py", line 735, in app
    await route.handle(scope, receive, send)
  File "C:\Users\hp\OneDrive\Desktop\Weasert\02 - Projects\programming\GroupChat Ai\backend\venv\Lib\site-packages\starlette\routing.py", line 288, in handle
    await self.app(scope, receive, send)
  File "C:\Users\hp\OneDrive\Desktop\Weasert\02 - Projects\programming\GroupChat Ai\backend\venv\Lib\site-packages\starlette\routing.py", line 76, in app
    await wrap_app_handling_exceptions(app, request)(scope, receive, send)
  File "C:\Users\hp\OneDrive\Desktop\Weasert\02 - Projects\programming\GroupChat Ai\backend\venv\Lib\site-packages\starlette\_exception_handler.py", line 62, in wrapped_app
    raise exc
  File "C:\Users\hp\OneDrive\Desktop\Weasert\02 - Projects\programming\GroupChat Ai\backend\venv\Lib\site-packages\starlette\_exception_handler.py", line 51, in wrapped_app
    await app(scope, receive, sender)
  File "C:\Users\hp\OneDrive\Desktop\Weasert\02 - Projects\programming\GroupChat Ai\backend\venv\Lib\site-packages\starlette\routing.py", line 73, in app
    response = await f(request)
               ^^^^^^^^^^^^^^^^
  File "C:\Users\hp\OneDrive\Desktop\Weasert\02 - Projects\programming\GroupChat Ai\backend\venv\Lib\site-packages\fastapi\routing.py", line 301, in app
    raw_response = await run_endpoint_function(
                   ^^^^^^^^^^^^^^^^^^^^^^^^^^^^
  File "C:\Users\hp\OneDrive\Desktop\Weasert\02 - Projects\programming\GroupChat Ai\backend\venv\Lib\site-packages\fastapi\routing.py", line 212, in run_endpoint_function
    return await dependant.call(**values)
           ^^^^^^^^^^^^^^^^^^^^^^^^^^^^^^
  File "C:\Users\hp\OneDrive\Desktop\Weasert\02 - Projects\programming\GroupChat Ai\backend\app\routes\auth.py", line 33, in register
    existing = db.execute("SELECT id FROM users WHERE username = ?", (req.username,)).fetchone()
               ^^^^^^^^^^^^^^^^^^^^^^^^^^^^^^^^^^^^^^^^^^^^^^^^^^^^^^^^^^^^^^^^^^^^^^
sqlite3.OperationalError: no such table: users
ERROR:    Exception in ASGI application
Traceback (most recent call last):
  File "C:\Users\hp\OneDrive\Desktop\Weasert\02 - Projects\programming\GroupChat Ai\backend\venv\Lib\site-packages\uvicorn\protocols\http\httptools_impl.py", line 399, in run_asgi
    result = await app(  # type: ignore[func-returns-value]
             ^^^^^^^^^^^^^^^^^^^^^^^^^^^^^^^^^^^^^^^^^^^^^^
  File "C:\Users\hp\OneDrive\Desktop\Weasert\02 - Projects\programming\GroupChat Ai\backend\venv\Lib\site-packages\uvicorn\middleware\proxy_headers.py", line 70, in __call__
    return await self.app(scope, receive, send)
           ^^^^^^^^^^^^^^^^^^^^^^^^^^^^^^^^^^^^
  File "C:\Users\hp\OneDrive\Desktop\Weasert\02 - Projects\programming\GroupChat Ai\backend\venv\Lib\site-packages\fastapi\applications.py", line 1054, in __call__
    await super().__call__(scope, receive, send)
  File "C:\Users\hp\OneDrive\Desktop\Weasert\02 - Projects\programming\GroupChat Ai\backend\venv\Lib\site-packages\starlette\applications.py", line 113, in __call__
    await self.middleware_stack(scope, receive, send)
  File "C:\Users\hp\OneDrive\Desktop\Weasert\02 - Projects\programming\GroupChat Ai\backend\venv\Lib\site-packages\starlette\middleware\errors.py", line 187, in __call__
    raise exc
  File "C:\Users\hp\OneDrive\Desktop\Weasert\02 - Projects\programming\GroupChat Ai\backend\venv\Lib\site-packages\starlette\middleware\errors.py", line 165, in __call__
    await self.app(scope, receive, _send)
  File "C:\Users\hp\OneDrive\Desktop\Weasert\02 - Projects\programming\GroupChat Ai\backend\venv\Lib\site-packages\starlette\middleware\cors.py", line 93, in __call__
    await self.simple_response(scope, receive, send, request_headers=headers)
  File "C:\Users\hp\OneDrive\Desktop\Weasert\02 - Projects\programming\GroupChat Ai\backend\venv\Lib\site-packages\starlette\middleware\cors.py", line 144, in simple_response
    await self.app(scope, receive, send)
  File "C:\Users\hp\OneDrive\Desktop\Weasert\02 - Projects\programming\GroupChat Ai\backend\venv\Lib\site-packages\starlette\middleware\exceptions.py", line 62, in __call__
    await wrap_app_handling_exceptions(self.app, conn)(scope, receive, send)
  File "C:\Users\hp\OneDrive\Desktop\Weasert\02 - Projects\programming\GroupChat Ai\backend\venv\Lib\site-packages\starlette\_exception_handler.py", line 62, in wrapped_app
    raise exc
  File "C:\Users\hp\OneDrive\Desktop\Weasert\02 - Projects\programming\GroupChat Ai\backend\venv\Lib\site-packages\starlette\_exception_handler.py", line 51, in wrapped_app
    await app(scope, receive, sender)
  File "C:\Users\hp\OneDrive\Desktop\Weasert\02 - Projects\programming\GroupChat Ai\backend\venv\Lib\site-packages\starlette\routing.py", line 715, in __call__
    await self.middleware_stack(scope, receive, send)
  File "C:\Users\hp\OneDrive\Desktop\Weasert\02 - Projects\programming\GroupChat Ai\backend\venv\Lib\site-packages\starlette\routing.py", line 735, in app
    await route.handle(scope, receive, send)
  File "C:\Users\hp\OneDrive\Desktop\Weasert\02 - Projects\programming\GroupChat Ai\backend\venv\Lib\site-packages\starlette\routing.py", line 288, in handle
    await self.app(scope, receive, send)
  File "C:\Users\hp\OneDrive\Desktop\Weasert\02 - Projects\programming\GroupChat Ai\backend\venv\Lib\site-packages\starlette\routing.py", line 76, in app
    await wrap_app_handling_exceptions(app, request)(scope, receive, send)
  File "C:\Users\hp\OneDrive\Desktop\Weasert\02 - Projects\programming\GroupChat Ai\backend\venv\Lib\site-packages\starlette\_exception_handler.py", line 62, in wrapped_app
    raise exc
  File "C:\Users\hp\OneDrive\Desktop\Weasert\02 - Projects\programming\GroupChat Ai\backend\venv\Lib\site-packages\starlette\_exception_handler.py", line 51, in wrapped_app
    await app(scope, receive, sender)
  File "C:\Users\hp\OneDrive\Desktop\Weasert\02 - Projects\programming\GroupChat Ai\backend\venv\Lib\site-packages\starlette\routing.py", line 73, in app
    response = await f(request)
               ^^^^^^^^^^^^^^^^
  File "C:\Users\hp\OneDrive\Desktop\Weasert\02 - Projects\programming\GroupChat Ai\backend\venv\Lib\site-packages\fastapi\routing.py", line 301, in app
    raw_response = await run_endpoint_function(
                   ^^^^^^^^^^^^^^^^^^^^^^^^^^^^
  File "C:\Users\hp\OneDrive\Desktop\Weasert\02 - Projects\programming\GroupChat Ai\backend\venv\Lib\site-packages\fastapi\routing.py", line 212, in run_endpoint_function
    return await dependant.call(**values)
           ^^^^^^^^^^^^^^^^^^^^^^^^^^^^^^
  File "C:\Users\hp\OneDrive\Desktop\Weasert\02 - Projects\programming\GroupChat Ai\backend\app\routes\auth.py", line 33, in register
    existing = db.execute("SELECT id FROM users WHERE username = ?", (req.username,)).fetchone()
               ^^^^^^^^^^^^^^^^^^^^^^^^^^^^^^^^^^^^^^^^^^^^^^^^^^^^^^^^^^^^^^^^^^^^^^
sqlite3.OperationalError: no such table: users
ERROR:    Exception in ASGI application
Traceback (most recent call last):
  File "C:\Users\hp\OneDrive\Desktop\Weasert\02 - Projects\programming\GroupChat Ai\backend\venv\Lib\site-packages\uvicorn\protocols\http\httptools_impl.py", line 399, in run_asgi
    result = await app(  # type: ignore[func-returns-value]
             ^^^^^^^^^^^^^^^^^^^^^^^^^^^^^^^^^^^^^^^^^^^^^^
  File "C:\Users\hp\OneDrive\Desktop\Weasert\02 - Projects\programming\GroupChat Ai\backend\venv\Lib\site-packages\uvicorn\middleware\proxy_headers.py", line 70, in __call__
    return await self.app(scope, receive, send)
           ^^^^^^^^^^^^^^^^^^^^^^^^^^^^^^^^^^^^
  File "C:\Users\hp\OneDrive\Desktop\Weasert\02 - Projects\programming\GroupChat Ai\backend\venv\Lib\site-packages\fastapi\applications.py", line 1054, in __call__
    await super().__call__(scope, receive, send)
  File "C:\Users\hp\OneDrive\Desktop\Weasert\02 - Projects\programming\GroupChat Ai\backend\venv\Lib\site-packages\starlette\applications.py", line 113, in __call__
    await self.middleware_stack(scope, receive, send)
  File "C:\Users\hp\OneDrive\Desktop\Weasert\02 - Projects\programming\GroupChat Ai\backend\venv\Lib\site-packages\starlette\middleware\errors.py", line 187, in __call__
    raise exc
  File "C:\Users\hp\OneDrive\Desktop\Weasert\02 - Projects\programming\GroupChat Ai\backend\venv\Lib\site-packages\starlette\middleware\errors.py", line 165, in __call__
    await self.app(scope, receive, _send)
  File "C:\Users\hp\OneDrive\Desktop\Weasert\02 - Projects\programming\GroupChat Ai\backend\venv\Lib\site-packages\starlette\middleware\cors.py", line 93, in __call__
    await self.simple_response(scope, receive, send, request_headers=headers)
  File "C:\Users\hp\OneDrive\Desktop\Weasert\02 - Projects\programming\GroupChat Ai\backend\venv\Lib\site-packages\starlette\middleware\cors.py", line 144, in simple_response
    await self.app(scope, receive, send)
  File "C:\Users\hp\OneDrive\Desktop\Weasert\02 - Projects\programming\GroupChat Ai\backend\venv\Lib\site-packages\starlette\middleware\exceptions.py", line 62, in __call__
    await wrap_app_handling_exceptions(self.app, conn)(scope, receive, send)
  File "C:\Users\hp\OneDrive\Desktop\Weasert\02 - Projects\programming\GroupChat Ai\backend\venv\Lib\site-packages\starlette\_exception_handler.py", line 62, in wrapped_app
    raise exc
  File "C:\Users\hp\OneDrive\Desktop\Weasert\02 - Projects\programming\GroupChat Ai\backend\venv\Lib\site-packages\starlette\_exception_handler.py", line 51, in wrapped_app
    await app(scope, receive, sender)
  File "C:\Users\hp\OneDrive\Desktop\Weasert\02 - Projects\programming\GroupChat Ai\backend\venv\Lib\site-packages\starlette\routing.py", line 715, in __call__
    await self.middleware_stack(scope, receive, send)
  File "C:\Users\hp\OneDrive\Desktop\Weasert\02 - Projects\programming\GroupChat Ai\backend\venv\Lib\site-packages\starlette\routing.py", line 735, in app
    await route.handle(scope, receive, send)
  File "C:\Users\hp\OneDrive\Desktop\Weasert\02 - Projects\programming\GroupChat Ai\backend\venv\Lib\site-packages\starlette\routing.py", line 288, in handle
    await self.app(scope, receive, send)
  File "C:\Users\hp\OneDrive\Desktop\Weasert\02 - Projects\programming\GroupChat Ai\backend\venv\Lib\site-packages\starlette\routing.py", line 76, in app
    await wrap_app_handling_exceptions(app, request)(scope, receive, send)
  File "C:\Users\hp\OneDrive\Desktop\Weasert\02 - Projects\programming\GroupChat Ai\backend\venv\Lib\site-packages\starlette\_exception_handler.py", line 62, in wrapped_app
    raise exc
  File "C:\Users\hp\OneDrive\Desktop\Weasert\02 - Projects\programming\GroupChat Ai\backend\venv\Lib\site-packages\starlette\_exception_handler.py", line 51, in wrapped_app
    await app(scope, receive, sender)
  File "C:\Users\hp\OneDrive\Desktop\Weasert\02 - Projects\programming\GroupChat Ai\backend\venv\Lib\site-packages\starlette\routing.py", line 73, in app
    response = await f(request)
               ^^^^^^^^^^^^^^^^
  File "C:\Users\hp\OneDrive\Desktop\Weasert\02 - Projects\programming\GroupChat Ai\backend\venv\Lib\site-packages\fastapi\routing.py", line 301, in app
    raw_response = await run_endpoint_function(
                   ^^^^^^^^^^^^^^^^^^^^^^^^^^^^
  File "C:\Users\hp\OneDrive\Desktop\Weasert\02 - Projects\programming\GroupChat Ai\backend\venv\Lib\site-packages\fastapi\routing.py", line 212, in run_endpoint_function
    return await dependant.call(**values)
           ^^^^^^^^^^^^^^^^^^^^^^^^^^^^^^
  File "C:\Users\hp\OneDrive\Desktop\Weasert\02 - Projects\programming\GroupChat Ai\backend\app\routes\auth.py", line 51, in login
    user = db.execute("SELECT id, password_hash FROM users WHERE username = ?",
           ^^^^^^^^^^^^^^^^^^^^^^^^^^^^^^^^^^^^^^^^^^^^^^^^^^^^^^^^^^^^^^^^^^^^
sqlite3.OperationalError: no such table: users
ERROR:    Exception in ASGI application
Traceback (most recent call last):
  File "C:\Users\hp\OneDrive\Desktop\Weasert\02 - Projects\programming\GroupChat Ai\backend\venv\Lib\site-packages\uvicorn\protocols\http\httptools_impl.py", line 399, in run_asgi
    result = await app(  # type: ignore[func-returns-value]
             ^^^^^^^^^^^^^^^^^^^^^^^^^^^^^^^^^^^^^^^^^^^^^^
  File "C:\Users\hp\OneDrive\Desktop\Weasert\02 - Projects\programming\GroupChat Ai\backend\venv\Lib\site-packages\uvicorn\middleware\proxy_headers.py", line 70, in __call__
    return await self.app(scope, receive, send)
           ^^^^^^^^^^^^^^^^^^^^^^^^^^^^^^^^^^^^
  File "C:\Users\hp\OneDrive\Desktop\Weasert\02 - Projects\programming\GroupChat Ai\backend\venv\Lib\site-packages\fastapi\applications.py", line 1054, in __call__
    await super().__call__(scope, receive, send)
  File "C:\Users\hp\OneDrive\Desktop\Weasert\02 - Projects\programming\GroupChat Ai\backend\venv\Lib\site-packages\starlette\applications.py", line 113, in __call__
    await self.middleware_stack(scope, receive, send)
  File "C:\Users\hp\OneDrive\Desktop\Weasert\02 - Projects\programming\GroupChat Ai\backend\venv\Lib\site-packages\starlette\middleware\errors.py", line 187, in __call__
    raise exc
  File "C:\Users\hp\OneDrive\Desktop\Weasert\02 - Projects\programming\GroupChat Ai\backend\venv\Lib\site-packages\starlette\middleware\errors.py", line 165, in __call__
    await self.app(scope, receive, _send)
  File "C:\Users\hp\OneDrive\Desktop\Weasert\02 - Projects\programming\GroupChat Ai\backend\venv\Lib\site-packages\starlette\middleware\cors.py", line 93, in __call__
    await self.simple_response(scope, receive, send, request_headers=headers)
  File "C:\Users\hp\OneDrive\Desktop\Weasert\02 - Projects\programming\GroupChat Ai\backend\venv\Lib\site-packages\starlette\middleware\cors.py", line 144, in simple_response
    await self.app(scope, receive, send)
  File "C:\Users\hp\OneDrive\Desktop\Weasert\02 - Projects\programming\GroupChat Ai\backend\venv\Lib\site-packages\starlette\middleware\exceptions.py", line 62, in __call__
    await wrap_app_handling_exceptions(self.app, conn)(scope, receive, send)
  File "C:\Users\hp\OneDrive\Desktop\Weasert\02 - Projects\programming\GroupChat Ai\backend\venv\Lib\site-packages\starlette\_exception_handler.py", line 62, in wrapped_app
    raise exc
  File "C:\Users\hp\OneDrive\Desktop\Weasert\02 - Projects\programming\GroupChat Ai\backend\venv\Lib\site-packages\starlette\_exception_handler.py", line 51, in wrapped_app
    await app(scope, receive, sender)
  File "C:\Users\hp\OneDrive\Desktop\Weasert\02 - Projects\programming\GroupChat Ai\backend\venv\Lib\site-packages\starlette\routing.py", line 715, in __call__
    await self.middleware_stack(scope, receive, send)
  File "C:\Users\hp\OneDrive\Desktop\Weasert\02 - Projects\programming\GroupChat Ai\backend\venv\Lib\site-packages\starlette\routing.py", line 735, in app
    await route.handle(scope, receive, send)
  File "C:\Users\hp\OneDrive\Desktop\Weasert\02 - Projects\programming\GroupChat Ai\backend\venv\Lib\site-packages\starlette\routing.py", line 288, in handle
    await self.app(scope, receive, send)
  File "C:\Users\hp\OneDrive\Desktop\Weasert\02 - Projects\programming\GroupChat Ai\backend\venv\Lib\site-packages\starlette\routing.py", line 76, in app
    await wrap_app_handling_exceptions(app, request)(scope, receive, send)
  File "C:\Users\hp\OneDrive\Desktop\Weasert\02 - Projects\programming\GroupChat Ai\backend\venv\Lib\site-packages\starlette\_exception_handler.py", line 62, in wrapped_app
    raise exc
  File "C:\Users\hp\OneDrive\Desktop\Weasert\02 - Projects\programming\GroupChat Ai\backend\venv\Lib\site-packages\starlette\_exception_handler.py", line 51, in wrapped_app
    await app(scope, receive, sender)
  File "C:\Users\hp\OneDrive\Desktop\Weasert\02 - Projects\programming\GroupChat Ai\backend\venv\Lib\site-packages\starlette\routing.py", line 73, in app
    response = await f(request)
               ^^^^^^^^^^^^^^^^
  File "C:\Users\hp\OneDrive\Desktop\Weasert\02 - Projects\programming\GroupChat Ai\backend\venv\Lib\site-packages\fastapi\routing.py", line 301, in app
    raw_response = await run_endpoint_function(
                   ^^^^^^^^^^^^^^^^^^^^^^^^^^^^
  File "C:\Users\hp\OneDrive\Desktop\Weasert\02 - Projects\programming\GroupChat Ai\backend\venv\Lib\site-packages\fastapi\routing.py", line 212, in run_endpoint_function
    return await dependant.call(**values)
           ^^^^^^^^^^^^^^^^^^^^^^^^^^^^^^
  File "C:\Users\hp\OneDrive\Desktop\Weasert\02 - Projects\programming\GroupChat Ai\backend\app\routes\auth.py", line 51, in login
    user = db.execute("SELECT id, password_hash FROM users WHERE username = ?",
           ^^^^^^^^^^^^^^^^^^^^^^^^^^^^^^^^^^^^^^^^^^^^^^^^^^^^^^^^^^^^^^^^^^^^
sqlite3.OperationalError: no such table: users
ERROR:    Exception in ASGI application
Traceback (most recent call last):
  File "C:\Users\hp\OneDrive\Desktop\Weasert\02 - Projects\programming\GroupChat Ai\backend\venv\Lib\site-packages\uvicorn\protocols\http\httptools_impl.py", line 399, in run_asgi
    result = await app(  # type: ignore[func-returns-value]
             ^^^^^^^^^^^^^^^^^^^^^^^^^^^^^^^^^^^^^^^^^^^^^^
  File "C:\Users\hp\OneDrive\Desktop\Weasert\02 - Projects\programming\GroupChat Ai\backend\venv\Lib\site-packages\uvicorn\middleware\proxy_headers.py", line 70, in __call__
    return await self.app(scope, receive, send)
           ^^^^^^^^^^^^^^^^^^^^^^^^^^^^^^^^^^^^
  File "C:\Users\hp\OneDrive\Desktop\Weasert\02 - Projects\programming\GroupChat Ai\backend\venv\Lib\site-packages\fastapi\applications.py", line 1054, in __call__
    await super().__call__(scope, receive, send)
  File "C:\Users\hp\OneDrive\Desktop\Weasert\02 - Projects\programming\GroupChat Ai\backend\venv\Lib\site-packages\starlette\applications.py", line 113, in __call__
    await self.middleware_stack(scope, receive, send)
  File "C:\Users\hp\OneDrive\Desktop\Weasert\02 - Projects\programming\GroupChat Ai\backend\venv\Lib\site-packages\starlette\middleware\errors.py", line 187, in __call__
    raise exc
  File "C:\Users\hp\OneDrive\Desktop\Weasert\02 - Projects\programming\GroupChat Ai\backend\venv\Lib\site-packages\starlette\middleware\errors.py", line 165, in __call__
    await self.app(scope, receive, _send)
  File "C:\Users\hp\OneDrive\Desktop\Weasert\02 - Projects\programming\GroupChat Ai\backend\venv\Lib\site-packages\starlette\middleware\cors.py", line 93, in __call__
    await self.simple_response(scope, receive, send, request_headers=headers)
  File "C:\Users\hp\OneDrive\Desktop\Weasert\02 - Projects\programming\GroupChat Ai\backend\venv\Lib\site-packages\starlette\middleware\cors.py", line 144, in simple_response
    await self.app(scope, receive, send)
  File "C:\Users\hp\OneDrive\Desktop\Weasert\02 - Projects\programming\GroupChat Ai\backend\venv\Lib\site-packages\starlette\middleware\exceptions.py", line 62, in __call__
    await wrap_app_handling_exceptions(self.app, conn)(scope, receive, send)
  File "C:\Users\hp\OneDrive\Desktop\Weasert\02 - Projects\programming\GroupChat Ai\backend\venv\Lib\site-packages\starlette\_exception_handler.py", line 62, in wrapped_app
    raise exc
  File "C:\Users\hp\OneDrive\Desktop\Weasert\02 - Projects\programming\GroupChat Ai\backend\venv\Lib\site-packages\starlette\_exception_handler.py", line 51, in wrapped_app
    await app(scope, receive, sender)
  File "C:\Users\hp\OneDrive\Desktop\Weasert\02 - Projects\programming\GroupChat Ai\backend\venv\Lib\site-packages\starlette\routing.py", line 715, in __call__
    await self.middleware_stack(scope, receive, send)
  File "C:\Users\hp\OneDrive\Desktop\Weasert\02 - Projects\programming\GroupChat Ai\backend\venv\Lib\site-packages\starlette\routing.py", line 735, in app
    await route.handle(scope, receive, send)
  File "C:\Users\hp\OneDrive\Desktop\Weasert\02 - Projects\programming\GroupChat Ai\backend\venv\Lib\site-packages\starlette\routing.py", line 288, in handle
    await self.app(scope, receive, send)
  File "C:\Users\hp\OneDrive\Desktop\Weasert\02 - Projects\programming\GroupChat Ai\backend\venv\Lib\site-packages\starlette\routing.py", line 76, in app
    await wrap_app_handling_exceptions(app, request)(scope, receive, send)
  File "C:\Users\hp\OneDrive\Desktop\Weasert\02 - Projects\programming\GroupChat Ai\backend\venv\Lib\site-packages\starlette\_exception_handler.py", line 62, in wrapped_app
    raise exc
  File "C:\Users\hp\OneDrive\Desktop\Weasert\02 - Projects\programming\GroupChat Ai\backend\venv\Lib\site-packages\starlette\_exception_handler.py", line 51, in wrapped_app
    await app(scope, receive, sender)
  File "C:\Users\hp\OneDrive\Desktop\Weasert\02 - Projects\programming\GroupChat Ai\backend\venv\Lib\site-packages\starlette\routing.py", line 73, in app
    response = await f(request)
               ^^^^^^^^^^^^^^^^
  File "C:\Users\hp\OneDrive\Desktop\Weasert\02 - Projects\programming\GroupChat Ai\backend\venv\Lib\site-packages\fastapi\routing.py", line 301, in app
    raw_response = await run_endpoint_function(
                   ^^^^^^^^^^^^^^^^^^^^^^^^^^^^
  File "C:\Users\hp\OneDrive\Desktop\Weasert\02 - Projects\programming\GroupChat Ai\backend\venv\Lib\site-packages\fastapi\routing.py", line 212, in run_endpoint_function
    return await dependant.call(**values)
           ^^^^^^^^^^^^^^^^^^^^^^^^^^^^^^
  File "C:\Users\hp\OneDrive\Desktop\Weasert\02 - Projects\programming\GroupChat Ai\backend\app\routes\auth.py", line 33, in register
    existing = db.execute("SELECT id FROM users WHERE username = ?", (req.username,)).fetchone()
               ^^^^^^^^^^^^^^^^^^^^^^^^^^^^^^^^^^^^^^^^^^^^^^^^^^^^^^^^^^^^^^^^^^^^^^
sqlite3.OperationalError: no such table: users
ERROR:    Exception in ASGI application
Traceback (most recent call last):
  File "C:\Users\hp\OneDrive\Desktop\Weasert\02 - Projects\programming\GroupChat Ai\backend\venv\Lib\site-packages\uvicorn\protocols\http\httptools_impl.py", line 399, in run_asgi
    result = await app(  # type: ignore[func-returns-value]
             ^^^^^^^^^^^^^^^^^^^^^^^^^^^^^^^^^^^^^^^^^^^^^^
  File "C:\Users\hp\OneDrive\Desktop\Weasert\02 - Projects\programming\GroupChat Ai\backend\venv\Lib\site-packages\uvicorn\middleware\proxy_headers.py", line 70, in __call__
    return await self.app(scope, receive, send)
           ^^^^^^^^^^^^^^^^^^^^^^^^^^^^^^^^^^^^
  File "C:\Users\hp\OneDrive\Desktop\Weasert\02 - Projects\programming\GroupChat Ai\backend\venv\Lib\site-packages\fastapi\applications.py", line 1054, in __call__
    await super().__call__(scope, receive, send)
  File "C:\Users\hp\OneDrive\Desktop\Weasert\02 - Projects\programming\GroupChat Ai\backend\venv\Lib\site-packages\starlette\applications.py", line 113, in __call__
    await self.middleware_stack(scope, receive, send)
  File "C:\Users\hp\OneDrive\Desktop\Weasert\02 - Projects\programming\GroupChat Ai\backend\venv\Lib\site-packages\starlette\middleware\errors.py", line 187, in __call__
    raise exc
  File "C:\Users\hp\OneDrive\Desktop\Weasert\02 - Projects\programming\GroupChat Ai\backend\venv\Lib\site-packages\starlette\middleware\errors.py", line 165, in __call__
    await self.app(scope, receive, _send)
  File "C:\Users\hp\OneDrive\Desktop\Weasert\02 - Projects\programming\GroupChat Ai\backend\venv\Lib\site-packages\starlette\middleware\cors.py", line 93, in __call__
    await self.simple_response(scope, receive, send, request_headers=headers)
  File "C:\Users\hp\OneDrive\Desktop\Weasert\02 - Projects\programming\GroupChat Ai\backend\venv\Lib\site-packages\starlette\middleware\cors.py", line 144, in simple_response
    await self.app(scope, receive, send)
  File "C:\Users\hp\OneDrive\Desktop\Weasert\02 - Projects\programming\GroupChat Ai\backend\venv\Lib\site-packages\starlette\middleware\exceptions.py", line 62, in __call__
    await wrap_app_handling_exceptions(self.app, conn)(scope, receive, send)
  File "C:\Users\hp\OneDrive\Desktop\Weasert\02 - Projects\programming\GroupChat Ai\backend\venv\Lib\site-packages\starlette\_exception_handler.py", line 62, in wrapped_app
    raise exc
  File "C:\Users\hp\OneDrive\Desktop\Weasert\02 - Projects\programming\GroupChat Ai\backend\venv\Lib\site-packages\starlette\_exception_handler.py", line 51, in wrapped_app
    await app(scope, receive, sender)
  File "C:\Users\hp\OneDrive\Desktop\Weasert\02 - Projects\programming\GroupChat Ai\backend\venv\Lib\site-packages\starlette\routing.py", line 715, in __call__
    await self.middleware_stack(scope, receive, send)
  File "C:\Users\hp\OneDrive\Desktop\Weasert\02 - Projects\programming\GroupChat Ai\backend\venv\Lib\site-packages\starlette\routing.py", line 735, in app
    await route.handle(scope, receive, send)
  File "C:\Users\hp\OneDrive\Desktop\Weasert\02 - Projects\programming\GroupChat Ai\backend\venv\Lib\site-packages\starlette\routing.py", line 288, in handle
    await self.app(scope, receive, send)
  File "C:\Users\hp\OneDrive\Desktop\Weasert\02 - Projects\programming\GroupChat Ai\backend\venv\Lib\site-packages\starlette\routing.py", line 76, in app
    await wrap_app_handling_exceptions(app, request)(scope, receive, send)
  File "C:\Users\hp\OneDrive\Desktop\Weasert\02 - Projects\programming\GroupChat Ai\backend\venv\Lib\site-packages\starlette\_exception_handler.py", line 62, in wrapped_app
    raise exc
  File "C:\Users\hp\OneDrive\Desktop\Weasert\02 - Projects\programming\GroupChat Ai\backend\venv\Lib\site-packages\starlette\_exception_handler.py", line 51, in wrapped_app
    await app(scope, receive, sender)
  File "C:\Users\hp\OneDrive\Desktop\Weasert\02 - Projects\programming\GroupChat Ai\backend\venv\Lib\site-packages\starlette\routing.py", line 73, in app
    response = await f(request)
               ^^^^^^^^^^^^^^^^
  File "C:\Users\hp\OneDrive\Desktop\Weasert\02 - Projects\programming\GroupChat Ai\backend\venv\Lib\site-packages\fastapi\routing.py", line 301, in app
    raw_response = await run_endpoint_function(
                   ^^^^^^^^^^^^^^^^^^^^^^^^^^^^
  File "C:\Users\hp\OneDrive\Desktop\Weasert\02 - Projects\programming\GroupChat Ai\backend\venv\Lib\site-packages\fastapi\routing.py", line 212, in run_endpoint_function
    return await dependant.call(**values)
           ^^^^^^^^^^^^^^^^^^^^^^^^^^^^^^
  File "C:\Users\hp\OneDrive\Desktop\Weasert\02 - Projects\programming\GroupChat Ai\backend\app\routes\auth.py", line 33, in register
    existing = db.execute("SELECT id FROM users WHERE username = ?", (req.username,)).fetchone()
               ^^^^^^^^^^^^^^^^^^^^^^^^^^^^^^^^^^^^^^^^^^^^^^^^^^^^^^^^^^^^^^^^^^^^^^
sqlite3.OperationalError: no such table: users
